// Jest Snapshot v1, https://goo.gl/fbAQLP

exports[`<AddToCart/> 1`] = `
<button
  disabled={true}
  onClick={[Function]}
>
  add to cart
</button>
`;
