// Jest Snapshot v1, https://goo.gl/fbAQLP

exports[`Commerce Layer Component 1`] = `"Commerce Layer"`;
