// Jest Snapshot v1, https://goo.gl/fbAQLP

exports[`<Discount children rendered /> 1`] = `
<span>
  
</span>
`;

exports[`<Discount with custom children /> 1`] = `<span />`;

exports[`<Discount/> 1`] = `
<span>
  
</span>
`;
