// Jest Snapshot v1, https://goo.gl/fbAQLP

exports[`<GiftCardPrice check children format /> 1`] = `
<span>
  
</span>
`;

exports[`<GiftCardPrice with custom children /> 1`] = `<span />`;

exports[`<GiftCardPrice/> 1`] = `
<span>
  
</span>
`;
