// Jest Snapshot v1, https://goo.gl/fbAQLP

exports[`<LineItemPrice check children format /> 1`] = `
<span>
  
</span>
`;

exports[`<LineItemPrice with custom children /> 1`] = `<span />`;

exports[`<LineItemPrice/> 1`] = `
<span>
  
</span>
`;
