// Jest Snapshot v1, https://goo.gl/fbAQLP

exports[`<SubTotal children rendered /> 1`] = `
<span>
  
</span>
`;

exports[`<SubTotal with custom children /> 1`] = `<span />`;

exports[`<SubTotal/> 1`] = `
<span>
  
</span>
`;
