// Jest Snapshot v1, https://goo.gl/fbAQLP

exports[`<Taxes children rendered /> 1`] = `
<span>
  
</span>
`;

exports[`<Taxes with custom children /> 1`] = `<span />`;

exports[`<Taxes/> 1`] = `
<span>
  
</span>
`;
