// Jest Snapshot v1, https://goo.gl/fbAQLP

exports[`<VariantContainer check children /> 1`] = `
<a>
  Checkout
</a>
`;

exports[`<VariantContainer/> 1`] = `
<div>
  test
</div>
`;
